
------------------------------------------------------------
Sender: LSF System <lsfadmin@n-62-21-103>
Subject: Job 6399532: <My_Application> in cluster <dcc> Exited

Job <My_Application> was submitted from host <gbarlogin1> by user <s181320> in cluster <dcc> at Wed Apr 29 05:54:50 2020
Job was executed on host(s) <n-62-21-103>, in queue <hpc>, as user <s181320> in cluster <dcc> at Wed Apr 29 05:54:52 2020
</zhome/6e/9/133731> was used as the home directory.
</zhome/6e/9/133731/Desktop/Thesis/Thesis/Code/Coefficient_optimization/Multi_step_predictions/ml_vs_mcss> was used as the working directory.
Started at Wed Apr 29 05:54:52 2020
Terminated at Wed Apr 29 14:37:15 2020
Results reported at Wed Apr 29 14:37:15 2020

Your job looked like:

------------------------------------------------------------
# LSBATCH: User input

#!/bin/bash -l
#BSUB -env none
### -- Name of the job ---
#BSUB -J My_Application
### -- estimated wall clock time (execution time): hh:mm:ss --
#BSUB -W 12:00
### -- number of processors/cores/nodes --
#BSUB -M 2GB
#BSUB -n 1
#BSUB -o OandE/Output_%J.out
#BSUB -e OandE/Error_%J.err
#BSUB LSB_JOB_REPORT_MAIL=N 

/appl/R/bin/R-3.5.1 CMD BATCH --vanilla  "-43" "/zhome/6e/9/133731/Desktop/Thesis/Thesis/Code/Coefficient_optimization/Multi_step_predictions/ml_vs_mcss/compare_ml_mcss.r" "/zhome/6e/9/133731/Desktop/Thesis/Thesis/Code/Coefficient_optimization/Multi_step_predictions/ml_vs_mcss/OandE/job43.Rout"

------------------------------------------------------------

TERM_OWNER: job killed by owner.
Exited with exit code 1.

Resource usage summary:

    CPU time :                                   31343.56 sec.
    Max Memory :                                 162 MB
    Average Memory :                             136.03 MB
    Total Requested Memory :                     2048.00 MB
    Delta Memory :                               1886.00 MB
    Max Swap :                                   -
    Max Processes :                              5
    Max Threads :                                6
    Run time :                                   31353 sec.
    Turnaround time :                            31345 sec.

The output (if any) is above this job summary.



PS:

Read file <OandE/Error_6399532.err> for stderr output of this job.

