
------------------------------------------------------------
Sender: LSF System <lsfadmin@n-62-21-100>
Subject: Job 6404211: <My_Application> in cluster <dcc> Done

Job <My_Application> was submitted from host <gbarlogin1> by user <s181320> in cluster <dcc> at Wed Apr 29 15:38:08 2020
Job was executed on host(s) <n-62-21-100>, in queue <hpc>, as user <s181320> in cluster <dcc> at Wed Apr 29 15:38:09 2020
</zhome/6e/9/133731> was used as the home directory.
</zhome/6e/9/133731/Desktop/Thesis/Thesis/Code/Coefficient_optimization/Multi_step_predictions/ml_vs_mcss> was used as the working directory.
Started at Wed Apr 29 15:38:09 2020
Terminated at Wed Apr 29 15:38:37 2020
Results reported at Wed Apr 29 15:38:37 2020

Your job looked like:

------------------------------------------------------------
# LSBATCH: User input

#!/bin/bash -l
#BSUB -env none
### -- Name of the job ---
#BSUB -J My_Application
### -- estimated wall clock time (execution time): hh:mm:ss --
#BSUB -W 12:00
### -- number of processors/cores/nodes --
#BSUB -M 2GB
#BSUB -n 1
#BSUB -o OandE/Output_%J.out
#BSUB -e OandE/Error_%J.err
#BSUB LSB_JOB_REPORT_MAIL=N 

/appl/R/bin/R-3.5.1 CMD BATCH --vanilla  "-28" "/zhome/6e/9/133731/Desktop/Thesis/Thesis/Code/Coefficient_optimization/Multi_step_predictions/ml_vs_mcss/compare_ml_mcss.r" "/zhome/6e/9/133731/Desktop/Thesis/Thesis/Code/Coefficient_optimization/Multi_step_predictions/ml_vs_mcss/OandE/job28.Rout"

------------------------------------------------------------

Successfully completed.

Resource usage summary:

    CPU time :                                   27.59 sec.
    Max Memory :                                 127 MB
    Average Memory :                             122.67 MB
    Total Requested Memory :                     2048.00 MB
    Delta Memory :                               1921.00 MB
    Max Swap :                                   -
    Max Processes :                              5
    Max Threads :                                6
    Run time :                                   28 sec.
    Turnaround time :                            29 sec.

The output (if any) is above this job summary.



PS:

Read file <OandE/Error_6404211.err> for stderr output of this job.

